============================================================
  Generated by:           Genus(TM) Synthesis Solution 21.14-s082_1
  Generated on:           Mar 28 2026  03:57:15 pm
  Module:                 trafficlight
  Operating conditions:   typical (balanced_tree)
  Wireload mode:          enclosed
  Area mode:              timing library
============================================================

                              
   Gate    Instances   Area     Library  
-----------------------------------------
AND2X1             1    4.541    typical 
AND2XL             1    4.541    typical 
AND4XL             1    6.812    typical 
AOI31X1            1    6.055    typical 
AOI32X1            1    6.812    typical 
CLKINVX1           3    6.812    typical 
INVXL              4    9.083    typical 
MXI2XL             3   18.166    typical 
NAND2BX1           5   22.707    typical 
NAND2XL            4   12.110    typical 
NAND3BX1           1    6.055    typical 
NAND4BXL           6   40.873    typical 
NOR2XL             8   24.221    typical 
OAI21X1            2    9.083    typical 
OAI21XL            1    4.541    typical 
OAI22X1            1    6.055    typical 
SDFFRHQX1          9  224.799    typical 
SDFFSHQX1          1   27.248    typical 
TLATNXL            6   86.287    typical 
XNOR2X1            1    8.326    typical 
-----------------------------------------
total             60  535.128            


                                        
     Type      Instances   Area  Area % 
----------------------------------------
sequential            16 338.334   63.2 
inverter               7  15.895    3.0 
logic                 37 180.899   33.8 
physical_cells         0   0.000    0.0 
----------------------------------------
total                 60 535.128  100.0 

