============================================================
  Generated by:           Genus(TM) Synthesis Solution 21.14-s082_1
  Generated on:           Mar 28 2026  03:55:38 pm
  Module:                 trafficlight
  Operating conditions:   typical (balanced_tree)
  Wireload mode:          enclosed
  Area mode:              timing library
============================================================


Path 1: MET (284 ps) Setup Check with Pin count_reg[2]/CK->D
          Group: clk
     Startpoint: (R) state_reg[3]/CK
          Clock: (R) clk
       Endpoint: (R) count_reg[2]/D
          Clock: (R) clk

                     Capture       Launch     
        Clock Edge:+    1000            0     
       Src Latency:+       0            0     
       Net Latency:+       0 (I)        0 (I) 
           Arrival:=    1000            0     
                                              
             Setup:-      89                  
       Uncertainty:-      10                  
     Required Time:=     901                  
      Launch Clock:-       0                  
         Data Path:-     616                  
             Slack:=     284                  

#----------------------------------------------------------------------------------------
#  Timing Point   Flags   Arc   Edge   Cell     Fanout Load Trans Delay Arrival Instance 
#                                                      (fF)  (ps)  (ps)   (ps)  Location 
#----------------------------------------------------------------------------------------
  state_reg[3]/CK -       -     R     (arrival)     10    -   100     0       0    (-,-) 
  state_reg[3]/Q  -       CK->Q F     SDFFRHQX1      4  8.0    32   166     166    (-,-) 
  g2163__3680/Y   -       A->Y  R     NOR2XL         5  8.5   126   104     270    (-,-) 
  g2149__9315/Y   -       D->Y  F     NAND4BXL       2  5.6   126   105     375    (-,-) 
  g2146/Y         -       A->Y  R     CLKINVX1       3  5.1    50    52     427    (-,-) 
  g2145__1881/Y   -       B->Y  F     NAND2XL        4 10.3    97    80     507    (-,-) 
  g2138__2802/Y   -       B->Y  F     AND2XL         2  3.6    28    63     570    (-,-) 
  g2135__8428/Y   -       B->Y  R     NOR2XL         1  2.8    51    46     616    (-,-) 
  count_reg[2]/D  <<<     -     R     SDFFRHQX1      1    -     -     0     616    (-,-) 
#----------------------------------------------------------------------------------------

